// Jest Snapshot v1, https://goo.gl/fbAQLP

exports[`Pruebas en el componente GifExpertApp Debe mostrar el componente correctamente 1`] = `
<Fragment>
  <h1>
    GifExpertApp
  </h1>
  <AddCategory
    setCategorias={[Function]}
  />
  <hr />
  <ol>
    <GifGrid
      categoria="Vikingos"
      key="Vikingos"
    />
  </ol>
</Fragment>
`;
